asdThis is the first line.
asdThis is the second line.
